// Vitest Snapshot v1, https://vitest.dev/guide/snapshot.html

exports[`renderStatusView > compone el mensaje completo 1`] = `
[
  "⚙️ RECURSOS
🧠 CPU   🟪🟪⬜⬜⬜⬜⬜⬜⬜⬜  23.1% · 45.1 °C
🎮 GPU   ⬜⬜⬜⬜⬜⬜⬜⬜⬜⬜   0.0% · 42.0 °C
💾 RAM   🟪🟪⬜⬜⬜⬜⬜⬜⬜⬜  22.6% · 7.1 GB / 31.3 GB
💽 NVME  🟪🟪🟪🟪⬜⬜⬜⬜⬜⬜  169.2 GB / 456.9 GB · 36.9 °C
📀 SSD   🟪🟪🟪🟪🟪🟪🟪⬜⬜⬜  78.0 GB / 116.0 GB · 34.0 °C
🗄️ HDD   🟪⬜⬜⬜⬜⬜⬜⬜⬜⬜  124.0 GB / 916.0 GB · 30.0 °C",
  "🧩 SERVICIOS 6/6 activos
Infra ✅ nginx ✅ fail2ban ✅ postgresql@16-main
Apps  ✅ app-uno ✅ app-dos
Bots  ✅ void-agent",
  "🌐 WEBS 3/3
✅ app-uno 118 ms
✅ app-dos 105 ms
✅ app-tres 131 ms",
  "📡 RED
Bot 42 ms",
  "🔒 FAIL2BAN · 69 IPs baneadas
postfix 4
recidive 65",
  "Ubuntu 24.04 · 7.0.0-31-generic · 2d 01h 48m
Actualizado cada 5 min · última 14:32 · v1.0.0",
]
`;
